Apple Swift version 5.0.1 (swiftlang-1001.0.82.4 clang-1001.0.46.5)
Target: x86_64-apple-darwin18.5.0
[1/2] Compiling Swift Module 'SR_10281' (1 sources)
[2/2] Linking ./.build/x86_64-apple-macosx/release/SR-10281
Launching ...
Sending request ...
<NSHTTPURLResponse: 0x7fc00c053fd0> { URL: https://dev.vbox.space/api/v1/contract } { Status Code: 401, Headers {
    "Content-Length" =     (
        201
    );
    "Content-Type" =     (
        "application/problem+json"
    );
    Date =     (
        "Thu, 02 May 2019 09:06:50 GMT"
    );
    Server =     (
        nginx
    );
    "access-control-allow-credentials" =     (
        true
    );
    "access-control-allow-headers" =     (
        "Accept, Authorization, Cache-Control, Content-Type, DNT, If-Modified-Since, If-None-Match, Keep-Alive, Origin, User-Agent, X-Requested-With"
    );
    "access-control-allow-methods" =     (
        "GET, POST, PUT, DELETE, OPTIONS"
    );
} }
Swift version 5.0.1 (swift-5.0.1-RELEASE)
Target: x86_64-unknown-linux-gnu
Launching ...
Sending request ...
<NSHTTPURLResponse: 0x7fa6b263e640> { URL: https://dev.vbox.space/api/v1/contract } { Status Code: 401, Headers {
    "Content-Length" =     (
        201
    );
    "Content-Type" =     (
        "application/problem+json"
    );
    Date =     (
        "Thu, 02 May 2019 09:06:51 GMT"
    );
    Server =     (
        nginx
    );
    "access-control-allow-credentials" =     (
        true
    );
    "access-control-allow-headers" =     (
        "Accept, Authorization, Cache-Control, Content-Type, DNT, If-Modified-Since, If-None-Match, Keep-Alive, Origin, User-Agent, X-Requested-With"
    );
    "access-control-allow-methods" =     (
        "GET, POST, PUT, DELETE, OPTIONS"
    );
} }
Swift version 5.0 (swift-5.0-RELEASE)
Target: x86_64-unknown-linux-gnu
Launching ...
Sending request ...
<NSHTTPURLResponse: 0x7fb8cac007f0> { URL: https://dev.vbox.space/api/v1/contract } { Status Code: 401, Headers {
    "Content-Length" =     (
        201
    );
    "Content-Type" =     (
        "application/problem+json"
    );
    Date =     (
        "Thu, 02 May 2019 09:06:53 GMT"
    );
    Server =     (
        nginx
    );
    "access-control-allow-credentials" =     (
        true
    );
    "access-control-allow-headers" =     (
        "Accept, Authorization, Cache-Control, Content-Type, DNT, If-Modified-Since, If-None-Match, Keep-Alive, Origin, User-Agent, X-Requested-With"
    );
    "access-control-allow-methods" =     (
        "GET, POST, PUT, DELETE, OPTIONS"
    );
} }
Swift version 4.2.1 (swift-4.2.1-RELEASE)
Target: x86_64-unknown-linux-gnu
Launching ...
Sending request ...
<NSHTTPURLResponse: 0x7fdd56f05f00> { URL: https://dev.vbox.space/api/v1/contract } { Status Code: 401, Headers {
    "Content-Length" =     (
        201
    );
    "Content-Type" =     (
        "application/problem+json"
    );
    Date =     (
        "Thu, 02 May 2019 09:06:55 GMT"
    );
    Server =     (
        nginx
    );
    "access-control-allow-credentials" =     (
        true
    );
    "access-control-allow-headers" =     (
        "Accept, Authorization, Cache-Control, Content-Type, DNT, If-Modified-Since, If-None-Match, Keep-Alive, Origin, User-Agent, X-Requested-With"
    );
    "access-control-allow-methods" =     (
        "GET, POST, PUT, DELETE, OPTIONS"
    );
} }
